\set ECHO none
 created logical replication slot

 { "table": "jsoncdc.test", "schema": [{"i":"integer"},{"h":"jsoncdc.hstore"}] }
 { "insert": {"i":1,"h":{}}, "table": "jsoncdc.test" }
 { "insert": {"i":2,"h":{}}, "table": "jsoncdc.test" }
 { "insert": {"i":3,"h":{}}, "table": "jsoncdc.test" }
 { "insert": {"i":4,"h":{}}, "table": "jsoncdc.test" }
 { "insert": {"i":5,"h":{}}, "table": "jsoncdc.test" }
 { "insert": {"i":6,"h":{}}, "table": "jsoncdc.test" }
 { "insert": {"i":7,"h":{}}, "table": "jsoncdc.test" }
 { "insert": {"i":8,"h":{}}, "table": "jsoncdc.test" }
 { "table": "jsoncdc.test", "schema": [{"i":"integer"},{"h":"jsoncdc.hstore"}] }
 { "update": {"i":30,"h":{}}, "@": {"i":3,"h":null}, "table": "jsoncdc.test" }
 { "update": {"i":60,"h":{}}, "@": {"i":6,"h":null}, "table": "jsoncdc.test" }
 { "update": {"i":1,"h":{"i": "1", "2i": "2"}}, "table": "jsoncdc.test" }
 { "update": {"i":2,"h":{"i": "2", "2i": "4"}}, "table": "jsoncdc.test" }
 { "update": {"i":4,"h":{"i": "4", "2i": "8"}}, "table": "jsoncdc.test" }
 { "update": {"i":5,"h":{"i": "5", "2i": "10"}}, "table": "jsoncdc.test" }
 { "update": {"i":7,"h":{"i": "7", "2i": "14"}}, "table": "jsoncdc.test" }
 { "update": {"i":8,"h":{"i": "8", "2i": "16"}}, "table": "jsoncdc.test" }
 { "update": {"i":30,"h":{"i": "30", "2i": "60"}}, "table": "jsoncdc.test" }
 { "update": {"i":60,"h":{"i": "60", "2i": "120"}}, "table": "jsoncdc.test" }
 { "delete": {}, "@": {"i":1,"h":null}, "table": "jsoncdc.test" }
 { "delete": {}, "@": {"i":5,"h":null}, "table": "jsoncdc.test" }
 { "delete": {}, "@": {"i":7,"h":null}, "table": "jsoncdc.test" }

 deleted logical replication slot

