\set ECHO none
 created logical replication slot

 { "table": "jsoncdc.test", "schema": [{"i":"integer"},{"s":"text"}] }
 { "insert": {"i":1,"s":"simple text"}, "table": "jsoncdc.test" }
 { "insert": {"i":2,"s":"text with \"quoted\" text"}, "table": "jsoncdc.test" }
 { "insert": {"i":3,"s":"newlines\nand\r\ncarriage returns"}, "table": "jsoncdc.test" }
 { "insert": {"i":4,"s":"quoted text with\n\"newline\""}, "table": "jsoncdc.test" }

 deleted logical replication slot

